// Jest Snapshot v1, https://goo.gl/fbAQLP

exports[`ProductsContainer component should render ProductsContainer 1`] = `
<div
  className="body-section"
>
  <h1
    className="page-title"
  >
    TOP SELLERS
  </h1>
  <div
    className="products-container"
  >
    <Filters
      filters={
        Object {
          "brand": null,
          "color": null,
          "gender": null,
          "type": null,
        }
      }
      handleFilterChange={[Function]}
    />
    <div
      className="products-section"
    >
      <div
        className="products"
      >
        <div
          id="fa-spinner__container"
        >
          <i
            className="fa fa-spinner fa-pulse fa-3x fa-fw"
          />
        </div>
      </div>
      <Paginator
        handlePageChange={[Function]}
        lastPage={false}
        numberOfPages={4}
        page={1}
      />
    </div>
  </div>
</div>
`;
