// Jest Snapshot v1, https://goo.gl/fbAQLP

exports[`Products components should render productCard 1`] = `
<div
  className="products__card card-random"
  key="23442"
>
  <div
    className="products__card__img-cont"
    onClick={[Function]}
  >
    <img
      alt=""
      className="card-img"
      src="./img/ssdsdq.jpg"
    />
  </div>
  <div
    className="products__card__details"
  >
    <h3
      className="products__card__details__title"
      onClick={[Function]}
    >
      random
    </h3>
    <p
      className="products__card__details__disc"
    >
      sdsdsdsd
    </p>
  </div>
  <div
    className="products__card__btn"
  >
    <p
      className="products__card__btn__price"
    >
      $
    </p>
    <_default
      id="23442"
      text="View Item"
      to="/product/23442"
    />
  </div>
</div>
`;
