// Jest Snapshot v1, https://goo.gl/fbAQLP

exports[`ProductImage Component should match snapshot 1`] = `
<div
  className="photoSection"
>
  <div
    className="photoContainer"
  >
    <img
      alt=""
      className="photo"
      id="mainPhoto"
      onError={[Function]}
      src="/randompicture"
    />
  </div>
  <div
    className="gallerySection"
  >
    <div>
      <i
        aria-hidden="true"
        className="fa fa-angle-left prev-pic"
        onClick={[Function]}
      />
    </div>
    <div
      className="galleryContainer"
    >
      <div
        className="imgContainer"
        id="mainPhotoIcon"
      >
        <img
          alt=""
          className="galleryPhoto"
          id="mainPhotoIcon"
          onClick={[Function]}
          onError={[Function]}
          src="/randompicture"
        />
      </div>
      <div
        className="imgContainer"
        id="red-0"
        key="0"
      >
        <img
          alt="product"
          className="galleryPhoto"
          onClick={[Function]}
          onError={[Function]}
          photoindex={0}
          src="/img/1.jpg"
        />
      </div>
      <div
        className="imgContainer"
        id="grey-1"
        key="1"
      >
        <img
          alt="product"
          className="galleryPhoto"
          onClick={[Function]}
          onError={[Function]}
          photoindex={1}
          src="/img/2.jpg"
        />
      </div>
    </div>
    <div>
      <i
        aria-hidden="true"
        className="fa fa-angle-right next-pic"
        onClick={[Function]}
      />
    </div>
  </div>
</div>
`;
