// Jest Snapshot v1, https://goo.gl/fbAQLP

exports[`Product component should match Product snapshot 1`] = `
<div
  className="productSubContainer"
>
  <div
    className="TopSection"
  >
    <ProductImage
      activePicture="img/random.jpg"
      product={
        Object {
          "photo": "img/random.jpg",
        }
      }
    />
    <div
      className="infoSection"
    >
      <ProductDetails
        activePicture="img/random.jpg"
        addItemToCartSuccess={[Function]}
        color={null}
        gender="male"
        handleOptions={[Function]}
        product={
          Object {
            "photo": "img/random.jpg",
          }
        }
        size={null}
        success={false}
        variants={null}
      />
      <_default
        color={null}
        gender="male"
        handleOptions={[Function]}
        size={null}
      />
    </div>
  </div>
  <div
    className="BottomSection"
  >
    <DisplaySimilarProducts
      product={
        Object {
          "photo": "img/random.jpg",
        }
      }
    />
  </div>
</div>
`;
