// Jest Snapshot v1, https://goo.gl/fbAQLP

exports[`ProductDetails component should render ProductsContainer 1`] = `
<Fragment>
  <h2
    className="title"
  >
    Random
  </h2>
  <p
    className="brand"
  >
    brand: 
    <span>
      randombrand
    </span>
  </p>
  <div
    className="priceContainer"
  >
    <span
      className="price"
    >
      Price: 
      <span
        className="priceNumber"
      >
        $
      </span>
    </span>
    <Connect(AddToCartButton)
      addItemToCartSuccess={[MockFunction]}
      item={
        Object {
          "brand": "randombrand",
          "discreption": "randomdisc",
          "title": "random",
        }
      }
      options={
        Object {
          "color": "green",
          "gender": "male",
          "size": "l",
        }
      }
    />
  </div>
  <div
    className="discreptionContainer"
  >
    <p
      className="discreptionText"
    >
      randomdisc
    </p>
  </div>
</Fragment>
`;
