// Jest Snapshot v1, https://goo.gl/fbAQLP

exports[`renders without crashing 1`] = `
<Fragment>
  <Connect(pageHeader) />
  <Connect(withRouter(LoginIcon)) />
  <Switch>
    <ProductContainer
      component={[Function]}
      path="/product/:id"
    />
    <Route
      path="/products"
      render={[Function]}
    />
    <Route
      path="/cart/main"
      render={[Function]}
    />
    <Route
      component={[Function]}
      path="/login"
    />
    <Route
      component={[Function]}
      path="/"
    />
  </Switch>
  <Footer />
</Fragment>
`;
